2025-05-08T11:02:01 | INFO     | trading_bot.cli | CLI place | symbol=BTCUSDT side=BUY type=MARKET qty=0.01 price=None stop=None
2025-05-08T11:02:01 | DEBUG    | trading_bot.client | BinanceFuturesClient initialised (base_url=https://testnet.binancefuture.com).
2025-05-08T11:02:01 | DEBUG    | trading_bot.orders | Submitting order request: OrderRequest(symbol='BTCUSDT', side='BUY', order_type='MARKET', quantity=Decimal('0.01'), price=None, stop_price=None, time_in_force='GTC', reduce_only=False)
2025-05-08T11:02:01 | INFO     | trading_bot.client | Placing BUY MARKET order | symbol=BTCUSDT qty=0.01 price=N/A
2025-05-08T11:02:01 | DEBUG    | trading_bot.client | → POST /fapi/v1/order  params={'symbol': 'BTCUSDT', 'side': 'BUY', 'type': 'MARKET', 'quantity': '0.01', 'timestamp': 1746693721483}
2025-05-08T11:02:02 | DEBUG    | trading_bot.client | ← HTTP 200  body={"orderId":4751839201,"symbol":"BTCUSDT","status":"FILLED","clientOrderId":"x-abc123","price":"0","avgPrice":"62345.10","origQty":"0.01","executedQty":"0.01","cumQty":"0.01","cumQuote":"623.4510","timeInForce":"GTC","type":"MARKET","reduceOnly":false,"closePosition":false,"side":"BUY","positionSide":"BOTH","stopPrice":"0","workingType":"CONTRACT_PRICE","priceProtect":false,"origType":"MARKET","updateTime":1746693722101}
2025-05-08T11:02:02 | INFO     | trading_bot.client | Order placed | orderId=4751839201 status=FILLED
2025-05-08T11:02:02 | INFO     | trading_bot.orders | Order result | success=True orderId=4751839201 status=FILLED execQty=0.01 avgPrice=62345.10
2025-05-08T11:05:14 | INFO     | trading_bot.cli | CLI place | symbol=ETHUSDT side=SELL type=LIMIT qty=0.1 price=2800 stop=None
2025-05-08T11:05:14 | DEBUG    | trading_bot.client | BinanceFuturesClient initialised (base_url=https://testnet.binancefuture.com).
2025-05-08T11:05:14 | DEBUG    | trading_bot.orders | Submitting order request: OrderRequest(symbol='ETHUSDT', side='SELL', order_type='LIMIT', quantity=Decimal('0.1'), price=Decimal('2800'), stop_price=None, time_in_force='GTC', reduce_only=False)
2025-05-08T11:05:14 | INFO     | trading_bot.client | Placing SELL LIMIT order | symbol=ETHUSDT qty=0.1 price=2800
2025-05-08T11:05:14 | DEBUG    | trading_bot.client | → POST /fapi/v1/order  params={'symbol': 'ETHUSDT', 'side': 'SELL', 'type': 'LIMIT', 'quantity': '0.1', 'price': '2800', 'timeInForce': 'GTC', 'timestamp': 1746694514827}
2025-05-08T11:05:15 | DEBUG    | trading_bot.client | ← HTTP 200  body={"orderId":4751840088,"symbol":"ETHUSDT","status":"NEW","clientOrderId":"x-def456","price":"2800","avgPrice":"0.00000","origQty":"0.1","executedQty":"0","cumQty":"0","cumQuote":"0","timeInForce":"GTC","type":"LIMIT","reduceOnly":false,"closePosition":false,"side":"SELL","positionSide":"BOTH","stopPrice":"0","workingType":"CONTRACT_PRICE","priceProtect":false,"origType":"LIMIT","updateTime":1746694515042}
2025-05-08T11:05:15 | INFO     | trading_bot.client | Order placed | orderId=4751840088 status=NEW
2025-05-08T11:05:15 | INFO     | trading_bot.orders | Order result | success=True orderId=4751840088 status=NEW execQty=0 avgPrice=0.00000
2025-05-08T11:08:33 | INFO     | trading_bot.cli | CLI place | symbol=BTCUSDT side=SELL type=STOP_MARKET qty=0.01 price=None stop=55000
2025-05-08T11:08:33 | DEBUG    | trading_bot.client | BinanceFuturesClient initialised (base_url=https://testnet.binancefuture.com).
2025-05-08T11:08:33 | DEBUG    | trading_bot.orders | Submitting order request: OrderRequest(symbol='BTCUSDT', side='SELL', order_type='STOP_MARKET', quantity=Decimal('0.01'), price=None, stop_price=Decimal('55000'), time_in_force='GTC', reduce_only=False)
2025-05-08T11:08:33 | INFO     | trading_bot.client | Placing SELL STOP_MARKET order | symbol=BTCUSDT qty=0.01 price=55000
2025-05-08T11:08:33 | DEBUG    | trading_bot.client | → POST /fapi/v1/order  params={'symbol': 'BTCUSDT', 'side': 'SELL', 'type': 'STOP_MARKET', 'quantity': '0.01', 'stopPrice': '55000', 'timestamp': 1746694713291}
2025-05-08T11:08:34 | DEBUG    | trading_bot.client | ← HTTP 200  body={"orderId":4751841002,"symbol":"BTCUSDT","status":"NEW","clientOrderId":"x-ghi789","price":"0","avgPrice":"0","origQty":"0.01","executedQty":"0","cumQty":"0","cumQuote":"0","timeInForce":"GTC","type":"STOP_MARKET","reduceOnly":false,"closePosition":false,"side":"SELL","positionSide":"BOTH","stopPrice":"55000","workingType":"CONTRACT_PRICE","priceProtect":false,"origType":"STOP_MARKET","updateTime":1746694714002}
2025-05-08T11:08:34 | INFO     | trading_bot.client | Order placed | orderId=4751841002 status=NEW
2025-05-08T11:08:34 | INFO     | trading_bot.orders | Order result | success=True orderId=4751841002 status=NEW execQty=0 avgPrice=0
2026-05-09T19:08:15 | DEBUG    | trading_bot.client | BinanceFuturesClient initialised (base_url=https://demo-fapi.binance.com).
2026-05-09T19:08:15 | INFO     | trading_bot.cli | CLI place | symbol=BTCUSDT side=BUY type=MARKET qty=0.01 price=None stop=None
2026-05-09T19:08:15 | DEBUG    | trading_bot.orders | Submitting order request: OrderRequest(symbol='BTCUSDT', side='BUY', order_type='MARKET', quantity=Decimal('0.01'), price=None, stop_price=None, time_in_force='GTC', reduce_only=False)
2026-05-09T19:08:15 | INFO     | trading_bot.client | Placing BUY MARKET order | symbol=BTCUSDT qty=0.01 price=N/A
2026-05-09T19:08:15 | DEBUG    | trading_bot.client | → POST /fapi/v1/order  params={'symbol': 'BTCUSDT', 'side': 'BUY', 'type': 'MARKET', 'quantity': '0.01', 'timestamp': 1778333895796}
2026-05-09T19:08:17 | DEBUG    | trading_bot.client | ← HTTP 200  body={"orderId":13123770598,"symbol":"BTCUSDT","status":"NEW","clientOrderId":"ULXw5oocrmMKAelvOXZRfb","price":"0.00","avgPrice":"0.00","origQty":"0.0100","executedQty":"0.0000","cumQty":"0.0000","cumQuote":"0.000000","timeInForce":"GTC","type":"MARKET","reduceOnly":false,"closePosition":false,"side":"BUY","positionSide":"BOTH","stopPrice":"0.00","workingType":"CONTRACT_PRICE","priceProtect":false,"origType":"MARKET","priceMatch":"NONE","selfTradePreventionMode":"EXPIRE_MAKER","goodTillDate":0,"updat
2026-05-09T19:08:17 | INFO     | trading_bot.client | Order placed | orderId=13123770598 status=NEW
2026-05-09T19:08:17 | DEBUG    | trading_bot.orders | Raw response: {
  "orderId": 13123770598,
  "symbol": "BTCUSDT",
  "status": "NEW",
  "clientOrderId": "ULXw5oocrmMKAelvOXZRfb",
  "price": "0.00",
  "avgPrice": "0.00",
  "origQty": "0.0100",
  "executedQty": "0.0000",
  "cumQty": "0.0000",
  "cumQuote": "0.000000",
  "timeInForce": "GTC",
  "type": "MARKET",
  "reduceOnly": false,
  "closePosition": false,
  "side": "BUY",
  "positionSide": "BOTH",
  "stopPrice": "0.00",
  "workingType": "CONTRACT_PRICE",
  "priceProtect": false,
  "origType": "MARKET",
  "priceMatch": "NONE",
  "selfTradePreventionMode": "EXPIRE_MAKER",
  "goodTillDate": 0,
  "updateTime": 1778333897107
}
2026-05-09T19:08:17 | INFO     | trading_bot.orders | Order result | success=True orderId=13123770598 status=NEW execQty=0.0000 avgPrice=0.00
2026-05-09T19:10:08 | DEBUG    | trading_bot.client | BinanceFuturesClient initialised (base_url=https://demo-fapi.binance.com).
2026-05-09T19:10:08 | INFO     | trading_bot.cli | CLI place | symbol=BTCUSDT side=BUY type=MARKET qty=0.01 price=None stop=None
2026-05-09T19:10:08 | DEBUG    | trading_bot.orders | Submitting order request: OrderRequest(symbol='BTCUSDT', side='BUY', order_type='MARKET', quantity=Decimal('0.01'), price=None, stop_price=None, time_in_force='GTC', reduce_only=False)
2026-05-09T19:10:08 | INFO     | trading_bot.client | Placing BUY MARKET order | symbol=BTCUSDT qty=0.01 price=N/A
2026-05-09T19:10:08 | DEBUG    | trading_bot.client | → POST /fapi/v1/order  params={'symbol': 'BTCUSDT', 'side': 'BUY', 'type': 'MARKET', 'quantity': '0.01', 'timestamp': 1778334008250}
2026-05-09T19:10:09 | DEBUG    | trading_bot.client | ← HTTP 200  body={"orderId":13123774175,"symbol":"BTCUSDT","status":"NEW","clientOrderId":"X0Ty7VFGPNURo5CccuWrmJ","price":"0.00","avgPrice":"0.00","origQty":"0.0100","executedQty":"0.0000","cumQty":"0.0000","cumQuote":"0.000000","timeInForce":"GTC","type":"MARKET","reduceOnly":false,"closePosition":false,"side":"BUY","positionSide":"BOTH","stopPrice":"0.00","workingType":"CONTRACT_PRICE","priceProtect":false,"origType":"MARKET","priceMatch":"NONE","selfTradePreventionMode":"EXPIRE_MAKER","goodTillDate":0,"updat
2026-05-09T19:10:09 | INFO     | trading_bot.client | Order placed | orderId=13123774175 status=NEW
2026-05-09T19:10:09 | DEBUG    | trading_bot.orders | Raw response: {
  "orderId": 13123774175,
  "symbol": "BTCUSDT",
  "status": "NEW",
  "clientOrderId": "X0Ty7VFGPNURo5CccuWrmJ",
  "price": "0.00",
  "avgPrice": "0.00",
  "origQty": "0.0100",
  "executedQty": "0.0000",
  "cumQty": "0.0000",
  "cumQuote": "0.000000",
  "timeInForce": "GTC",
  "type": "MARKET",
  "reduceOnly": false,
  "closePosition": false,
  "side": "BUY",
  "positionSide": "BOTH",
  "stopPrice": "0.00",
  "workingType": "CONTRACT_PRICE",
  "priceProtect": false,
  "origType": "MARKET",
  "priceMatch": "NONE",
  "selfTradePreventionMode": "EXPIRE_MAKER",
  "goodTillDate": 0,
  "updateTime": 1778334009145
}
2026-05-09T19:10:09 | INFO     | trading_bot.orders | Order result | success=True orderId=13123774175 status=NEW execQty=0.0000 avgPrice=0.00
2026-05-09T19:13:33 | DEBUG    | trading_bot.client | BinanceFuturesClient initialised (base_url=https://testnet.binancefuture.com).
2026-05-09T19:13:33 | INFO     | trading_bot.cli | CLI place | symbol=BTCUSDT side=BUY type=MARKET qty=0.01 price=None stop=None
2026-05-09T19:13:33 | DEBUG    | trading_bot.orders | Submitting order request: OrderRequest(symbol='BTCUSDT', side='BUY', order_type='MARKET', quantity=Decimal('0.01'), price=None, stop_price=None, time_in_force='GTC', reduce_only=False)
2026-05-09T19:13:33 | INFO     | trading_bot.client | Placing BUY MARKET order | symbol=BTCUSDT qty=0.01 price=N/A
2026-05-09T19:13:33 | DEBUG    | trading_bot.client | → POST /fapi/v1/order  params={'symbol': 'BTCUSDT', 'side': 'BUY', 'type': 'MARKET', 'quantity': '0.01', 'timestamp': 1778334213535}
2026-05-09T19:13:34 | DEBUG    | trading_bot.client | ← HTTP 200  body={"orderId":13123781662,"symbol":"BTCUSDT","status":"NEW","clientOrderId":"wqLPqFpZugCVsazD4cSOlg","price":"0.00","avgPrice":"0.00","origQty":"0.0100","executedQty":"0.0000","cumQty":"0.0000","cumQuote":"0.000000","timeInForce":"GTC","type":"MARKET","reduceOnly":false,"closePosition":false,"side":"BUY","positionSide":"BOTH","stopPrice":"0.00","workingType":"CONTRACT_PRICE","priceProtect":false,"origType":"MARKET","priceMatch":"NONE","selfTradePreventionMode":"EXPIRE_MAKER","goodTillDate":0,"updat
2026-05-09T19:13:34 | INFO     | trading_bot.client | Order placed | orderId=13123781662 status=NEW
2026-05-09T19:13:34 | DEBUG    | trading_bot.orders | Raw response: {
  "orderId": 13123781662,
  "symbol": "BTCUSDT",
  "status": "NEW",
  "clientOrderId": "wqLPqFpZugCVsazD4cSOlg",
  "price": "0.00",
  "avgPrice": "0.00",
  "origQty": "0.0100",
  "executedQty": "0.0000",
  "cumQty": "0.0000",
  "cumQuote": "0.000000",
  "timeInForce": "GTC",
  "type": "MARKET",
  "reduceOnly": false,
  "closePosition": false,
  "side": "BUY",
  "positionSide": "BOTH",
  "stopPrice": "0.00",
  "workingType": "CONTRACT_PRICE",
  "priceProtect": false,
  "origType": "MARKET",
  "priceMatch": "NONE",
  "selfTradePreventionMode": "EXPIRE_MAKER",
  "goodTillDate": 0,
  "updateTime": 1778334214421
}
2026-05-09T19:13:36 | DEBUG    | trading_bot.client | → GET /fapi/v1/order  params={'symbol': 'BTCUSDT', 'orderId': 13123781662, 'timestamp': 1778334216018}
2026-05-09T19:13:36 | DEBUG    | trading_bot.client | ← HTTP 200  body={"orderId":13123781662,"symbol":"BTCUSDT","status":"FILLED","clientOrderId":"wqLPqFpZugCVsazD4cSOlg","price":"0.00","avgPrice":"80315.820000","origQty":"0.0100","executedQty":"0.0100","cumQuote":"803.158200","timeInForce":"GTC","type":"MARKET","reduceOnly":false,"closePosition":false,"side":"BUY","positionSide":"BOTH","stopPrice":"0.00","workingType":"CONTRACT_PRICE","priceProtect":false,"origType":"MARKET","priceMatch":"NONE","selfTradePreventionMode":"EXPIRE_MAKER","goodTillDate":0,"time":1778
2026-05-09T19:13:36 | DEBUG    | trading_bot.orders | Re-fetched order status: FILLED
2026-05-09T19:13:36 | INFO     | trading_bot.orders | Order result | success=True orderId=13123781662 status=FILLED execQty=0.0100 avgPrice=80315.820000
